[      62ms] [LOG] Angular is running in development mode. @ http://localhost:4200/@fs/C:/Users/USUARIO/OneDrive/Documentos/Sir-Angular/frontend/.angular/cache/21.2.7/frontend/vite/deps/chunk-FSKIE7Z2.js?v=31f8698c:11166
[      65ms] [VERBOSE] [DOM] Input elements should have autocomplete attributes (suggested: "current-password"): (More info: https://goo.gl/9p2vKq) %o @ http://localhost:4200/Reservas/VerReservas:0
[  358972ms] [LOG] Angular is running in development mode. @ http://localhost:4200/@fs/C:/Users/USUARIO/OneDrive/Documentos/Sir-Angular/frontend/.angular/cache/21.2.7/frontend/vite/deps/chunk-FSKIE7Z2.js?v=31f8698c:11166
[  358976ms] [VERBOSE] [DOM] Input elements should have autocomplete attributes (suggested: "current-password"): (More info: https://goo.gl/9p2vKq) %o @ http://localhost:4200/Reservas/VerReservas:0
[  363020ms] [ERROR] JIT compilation failed for component class DynamicNavbarComponent2 {
  global = inject6(DynamicIslandGlobalService);
  panel = this.global.panel;
  mode = this.global.mode;
  alert = this.global.alert;
  cuposInfo = this.global.cuposInfo;
  toasts = this.global.toasts;
  reserva = this.global.Id_Reserva;
  transfer = this.global.Id_Transfer;
  mapa = this.global.puntos;
  sugerencias = this.global.sugerencias;
  preview = this.global.previewUrl;
  previewTitle = this.global.previewTitle;
  isDarkMode = true;
  islandState = computed2(() => {
    if (this.global.panel())
      return "panel";
    if (this.mode() === "login")
      return "full-screen";
    if (this.alert()?.loading)
      return "loading";
    if (this.alert())
      return "alert";
    if (this.cuposInfo())
      return "cupos";
    if (this.reserva())
      return "reserva";
    if (this.transfer())
      return "transfer";
    if (Array.isArray(this.mapa()) && this.mapa().length > 0)
      return "mapa";
    return "compact";
  }, ...ngDevMode ? [{ debugName: "islandState" }] : (
    /* istanbul ignore next */
    []
  ));
  ngOnInit() {
    const theme = document.documentElement.getAttribute("data-theme");
    this.isDarkMode = theme !== "light";
    const observer = new MutationObserver(() => {
      const updatedTheme = document.documentElement.getAttribute("data-theme");
      this.isDarkMode = updatedTheme !== "light";
    });
    observer.observe(document.documentElement, { attributes: true, attributeFilter: ["data-theme"] });
  }
  clearPreview() {
    this.global.closePreview();
  }
  openAppUpdates() {
    this.global.openAppUpdates();
  }
  clearAlert() {
    this.global.alert.set(null);
  }
  dismissToast(id) {
    this.global.dismissToast(id);
  }
  toastsList() {
    return this.toasts();
  }
  clearReserva() {
    this.global.Id_Reserva.set(null);
  }
  clearTransfer() {
    this.global.Id_Transfer.set(null);
  }
  clearPuntos() {
    this.global.puntos.set(null);
  }
  clearCombinaciones() {
    this.global.sugerencias.set(null);
  }
  seleccionarSugerenciaDesdeNavbar(sugerencia) {
    this.global.confirmarSugerenciaDesdeNavbar(sugerencia);
  }
  generarManual(manual) {
    this.global.generarCombincionManual(manual);
  }
} @ http://localhost:4200/@fs/C:/Users/USUARIO/OneDrive/Documentos/Sir-Angular/frontend/.angular/cache/21.2.7/frontend/vite/deps/chunk-FSKIE7Z2.js?v=31f8698c:421
[  363021ms] [ERROR] ERROR Error: The component 'DynamicNavbarComponent2' needs to be compiled using the JIT compiler, but '@angular/compiler' is not available.

JIT compilation is discouraged for production use-cases! Consider using AOT mode instead.
Alternatively, the JIT compiler should be loaded by bootstrapping using '@angular/platform-browser-dynamic' or '@angular/platform-server',
or manually provide the compiler with 'import "@angular/compiler";' before bootstrapping.
    at getCompilerFacade (http://localhost:4200/@fs/C:/Users/USUARIO/OneDrive/Documentos/Sir-Angular/frontend/.angular/cache/21.2.7/frontend/vite/deps/chunk-FSKIE7Z2.js?v=31f8698c:441:11)
    at DynamicNavbarComponent2.get (http://localhost:4200/@fs/C:/Users/USUARIO/OneDrive/Documentos/Sir-Angular/frontend/.angular/cache/21.2.7/frontend/vite/deps/chunk-FSKIE7Z2.js?v=31f8698c:17744:26)
    at getComponentDef (http://localhost:4200/@fs/C:/Users/USUARIO/OneDrive/Documentos/Sir-Angular/frontend/.angular/cache/21.2.7/frontend/vite/deps/chunk-7264GULO.js?v=31f8698c:1096:14)
    at walkProviderTree (http://localhost:4200/@fs/C:/Users/USUARIO/OneDrive/Documentos/Sir-Angular/frontend/.angular/cache/21.2.7/frontend/vite/deps/chunk-7264GULO.js?v=31f8698c:1546:29)
    at walkProviderTree (http://localhost:4200/@fs/C:/Users/USUARIO/OneDrive/Documentos/Sir-Angular/frontend/.angular/cache/21.2.7/frontend/vite/deps/chunk-7264GULO.js?v=31f8698c:1574:9)
    at http://localhost:4200/@fs/C:/Users/USUARIO/OneDrive/Documentos/Sir-Angular/frontend/.angular/cache/21.2.7/frontend/vite/deps/chunk-7264GULO.js?v=31f8698c:1519:9
    at http://localhost:4200/@fs/C:/Users/USUARIO/OneDrive/Documentos/Sir-Angular/frontend/.angular/cache/21.2.7/frontend/vite/deps/chunk-7264GULO.js?v=31f8698c:1376:76
    at Array.forEach (<anonymous>)
    at deepForEach (http://localhost:4200/@fs/C:/Users/USUARIO/OneDrive/Documentos/Sir-Angular/frontend/.angular/cache/21.2.7/frontend/vite/deps/chunk-7264GULO.js?v=31f8698c:1376:9)
    at internalImportProvidersFrom (http://localhost:4200/@fs/C:/Users/USUARIO/OneDrive/Documentos/Sir-Angular/frontend/.angular/cache/21.2.7/frontend/vite/deps/chunk-7264GULO.js?v=31f8698c:1511:3) @ http://localhost:4200/@fs/C:/Users/USUARIO/OneDrive/Documentos/Sir-Angular/frontend/.angular/cache/21.2.7/frontend/vite/deps/chunk-7264GULO.js?v=31f8698c:3171
[  363023ms] [ERROR] Error: The component 'DynamicNavbarComponent2' needs to be compiled using the JIT compiler, but '@angular/compiler' is not available.

JIT compilation is discouraged for production use-cases! Consider using AOT mode instead.
Alternatively, the JIT compiler should be loaded by bootstrapping using '@angular/platform-browser-dynamic' or '@angular/platform-server',
or manually provide the compiler with 'import "@angular/compiler";' before bootstrapping.
    at getCompilerFacade (http://localhost:4200/@fs/C:/Users/USUARIO/OneDrive/Documentos/Sir-Angular/frontend/.angular/cache/21.2.7/frontend/vite/deps/chunk-FSKIE7Z2.js?v=31f8698c:441:11)
    at DynamicNavbarComponent2.get (http://localhost:4200/@fs/C:/Users/USUARIO/OneDrive/Documentos/Sir-Angular/frontend/.angular/cache/21.2.7/frontend/vite/deps/chunk-FSKIE7Z2.js?v=31f8698c:17744:26)
    at getComponentDef (http://localhost:4200/@fs/C:/Users/USUARIO/OneDrive/Documentos/Sir-Angular/frontend/.angular/cache/21.2.7/frontend/vite/deps/chunk-7264GULO.js?v=31f8698c:1096:14)
    at walkProviderTree (http://localhost:4200/@fs/C:/Users/USUARIO/OneDrive/Documentos/Sir-Angular/frontend/.angular/cache/21.2.7/frontend/vite/deps/chunk-7264GULO.js?v=31f8698c:1546:29)
    at walkProviderTree (http://localhost:4200/@fs/C:/Users/USUARIO/OneDrive/Documentos/Sir-Angular/frontend/.angular/cache/21.2.7/frontend/vite/deps/chunk-7264GULO.js?v=31f8698c:1574:9)
    at http://localhost:4200/@fs/C:/Users/USUARIO/OneDrive/Documentos/Sir-Angular/frontend/.angular/cache/21.2.7/frontend/vite/deps/chunk-7264GULO.js?v=31f8698c:1519:9
    at http://localhost:4200/@fs/C:/Users/USUARIO/OneDrive/Documentos/Sir-Angular/frontend/.angular/cache/21.2.7/frontend/vite/deps/chunk-7264GULO.js?v=31f8698c:1376:76
    at Array.forEach (<anonymous>)
    at deepForEach (http://localhost:4200/@fs/C:/Users/USUARIO/OneDrive/Documentos/Sir-Angular/frontend/.angular/cache/21.2.7/frontend/vite/deps/chunk-7264GULO.js?v=31f8698c:1376:9)
    at internalImportProvidersFrom (http://localhost:4200/@fs/C:/Users/USUARIO/OneDrive/Documentos/Sir-Angular/frontend/.angular/cache/21.2.7/frontend/vite/deps/chunk-7264GULO.js?v=31f8698c:1511:3) @ http://localhost:4200/main.js:4549
[  385346ms] [ERROR] JIT compilation failed for component class TransferDynamicComponent2 {
  api;
  cdr;
  navbar;
  Id_Transfer;
  onClose = new EventEmitter4();
  isLoading = true;
  isError = false;
  errorMessage = "";
  data = null;
  constructor(api, cdr, navbar) {
    this.api = api;
    this.cdr = cdr;
    this.navbar = navbar;
  }
  ngOnChanges(changes) {
    if (changes["Id_Transfer"]?.currentValue) {
      this.loadTransferData(changes["Id_Transfer"].currentValue);
    }
  }
  ngOnInit() {
    if (this.Id_Transfer) {
      this.loadTransferData(this.Id_Transfer);
    }
  }
  loadTransferData(id) {
    this.isLoading = true;
    this.isError = false;
    this.errorMessage = "";
    this.data = null;
    this.api.getTransfer(id).subscribe({
      next: (response) => {
        this.data = response?.data || response;
        this.isLoading = false;
        this.cdr.markForCheck();
      },
      error: (err) => {
        console.error("Error loading transfer:", err);
        this.isError = true;
        this.errorMessage = "No se pudo cargar el detalle del transfer.";
        this.isLoading = false;
        this.cdr.markForCheck();
      }
    });
  }
  get transfer() {
    return this.data?.transfer || { Id_Transfer: null };
  }
  get transferCodigo() {
    const codigo = this.transfer.Codigo_Transfer?.toString().trim();
    if (codigo)
      return codigo;
    const id = this.transfer.Id_Transfer || this.Id_Transfer;
    const numeric = String(id || "").replace(/\D/g, "");
    return numeric ? `TRS${numeric.padStart(5, "0")}` : "TRS";
  }
  get pagos() {
    return this.data?.pagos || [];
  }
  get pasajeros() {
    const raw = this.data?.Pasajeros || this.data?.pasajeros || this.transfer.Pasajeros || [];
    return Array.isArray(raw) ? raw : [];
  }
  get puedeCancelar() {
    const estado = (this.transfer.Estado || "").toLowerCase();
    return !!this.transfer.Id_Transfer && !["cancelada", "cancelado", "completada", "completado"].includes(estado);
  }
  get transferTitulo() {
    return this.transfer.Nombre_Servicio?.trim() || this.transfer.RangoDescripcion?.trim() || "Transfer";
  }
  get transferSublinea() {
    return [
      this.transfer.Punto_Salida || "\u2014",
      this.transfer.Punto_Destino || "\u2014",
      this.formatDate(this.transfer.Fecha_Transfer),
      this.transfer.Hora_Recogida || "\u2014"
    ].join(" \xB7 ");
  }
  cancelarTransfer() {
    const id = this.transfer.Id_Transfer || this.Id_Transfer;
    if (!id)
      return;
    this.navbar.alert.set({
      type: "warning",
      title: "Cancelar transfer",
      message: `\xBFCancelar el transfer #${this.transferCodigo}? La informaci\xF3n se conservar\xE1 para consulta futura.`,
      autoClose: false,
      buttons: [
        {
          text: "Mantener",
          style: "secondary",
          onClick: () => this.navbar.alert.set(null)
        },
        {
          text: "Cancelar transfer",
          style: "primary",
          onClick: () => {
            this.navbar.alert.set(null);
            this.api.cancelarTransfer(id).subscribe({
              next: () => {
                this.navbar.alert.set({
                  type: "success",
                  title: "Transfer cancelado",
                  message: `El transfer #${this.transferCodigo} qued\xF3 en estado Cancelado.`,
                  autoClose: true,
                  autoCloseTime: 3e3
                });
                this.loadTransferData(id);
              },
              error: (err) => {
                this.navbar.alert.set({
                  type: "error",
                  title: "No se pudo cancelar",
                  message: err?.error?.message || err?.error?.error || err?.message || "Intenta nuevamente.",
                  autoClose: true,
                  autoCloseTime: 4e3
                });
              }
            });
          }
        }
      ]
    });
  }
  get valorTotal() {
    return Number(this.transfer.Valor || 0);
  }
  get totalPagado() {
    return this.pagos.filter((p) => p.Estado === "Pagado" && !(p.Metodo === "Paga en punto" && Number(p.Monto) === 0)).reduce((sum, p) => sum + Number(p.Monto || 0), 0);
  }
  get saldoPendiente() {
    return Math.max(0, this.valorTotal - this.totalPagado);
  }
  get porcentajePagado() {
    return this.valorTotal > 0 ? this.totalPagado / this.valorTotal * 100 : 0;
  }
  get estadoNormalizado() {
    return (this.transfer.Estado || "Pendiente").toLowerCase();
  }
  formatCurrency(value) {
    const n = Number(value || 0);
    return new Intl.NumberFormat("es-CO", {
      style: "currency",
      currency: "COP",
      maximumFractionDigits: 0
    }).format(n);
  }
  formatDate(value) {
    if (!value)
      return "\u2014";
    const date = new Date(value);
    if (Number.isNaN(date.getTime()))
      return String(value);
    return date.toLocaleDateString("es-CO", {
      weekday: "long",
      year: "numeric",
      month: "long",
      day: "numeric"
    });
  }
  ensurePdfSpace(doc, currentY, needed = 30) {
    const pageHeight = doc.internal.pageSize.getHeight();
    if (currentY + needed > pageHeight - 15) {
      doc.addPage();
      return 15;
    }
    return currentY;
  }
  normalizeComprobanteName(value) {
    const clean = String(value || "").split("?")[0].split("#")[0];
    const parts = clean.split("/").filter(Boolean);
    const last = parts[parts.length - 1] || clean || "";
    try {
      return decodeURIComponent(last);
    } catch {
      return last;
    }
  }
  getExtensionFromUrl(url) {
    const clean = String(url || "").split("?")[0];
    const ext = clean.includes(".") ? clean.split(".").pop() : "";
    return ext ? `.${ext}` : "";
  }
  getExtensionFromMime(mime) {
    const lower = String(mime || "").toLowerCase();
    if (lower.includes("pdf"))
      return ".pdf";
    if (lower.includes("jpeg"))
      return ".jpg";
    if (lower.includes("jpg"))
      return ".jpg";
    if (lower.includes("png"))
      return ".png";
    if (lower.includes("webp"))
      return ".webp";
    return "";
  }
  normalizeComprobanteFromPago(pago, index) {
    const url = pago?.Pago_Comprobante || pago?.Ruta_Comprobante || pago?.SoporteUrl || pago?.Comprobante || pago?.UrlComprobante || pago?.Archivo;
    if (!url)
      return null;
    return {
      id: pago?.Id_Pago ?? index + 1,
      Id_Pago: pago?.Id_Pago,
      nombre: pago?.NombreArchivo || pago?.filename || this.normalizeComprobanteName(url),
      filename: pago?.NombreArchivo || pago?.filename || this.normalizeComprobanteName(url),
      url,
      tipo: pago?.Metodo || pago?.Tipo || pago?.FormaPago || "Comprobante",
      fecha: pago?.Fecha_Pago || pago?.fecha || ""
    };
  }
  get comprobantesDisponibles() {
    const raw = this.data?.Comprobantes || this.data?.comprobantes;
    if (Array.isArray(raw) && raw.length) {
      return raw.map((c, index) => ({
        id: c?.id ?? c?.Id_Pago ?? index + 1,
        Id_Pago: c?.Id_Pago,
        nombre: c?.nombre || c?.filename || this.normalizeComprobanteName(c?.url || c?.Pago_Comprobante || c?.Ruta_Comprobante || c?.SoporteUrl || ""),
        filename: c?.filename || c?.nombre || this.normalizeComprobanteName(c?.url || c?.Pago_Comprobante || c?.Ruta_Comprobante || c?.SoporteUrl || ""),
        url: c?.url || c?.Pago_Comprobante || c?.Ruta_Comprobante || c?.SoporteUrl || c?.Comprobante || c?.UrlComprobante || c?.Archivo || "",
        tipo: c?.tipo || c?.Metodo || c?.FormaPago || "Comprobante",
        fecha: c?.fecha || c?.Fecha_Pago || ""
      })).filter((c) => Boolean(c.url));
    }
    return this.pagos.map((pago, index) => this.normalizeComprobanteFromPago(pago, index)).filter((item) => Boolean(item?.url));
  }
  buildTransferPdfDoc() {
    const t = this.transfer;
    const doc = new jsPDF2();
    const pageWidth = doc.internal.pageSize.getWidth();
    const pageHeight = doc.internal.pageSize.getHeight();
    doc.addImage(logoBase64, "PNG", 10, 10, 40, 15);
    doc.setFontSize(18);
    doc.setTextColor(30, 41, 59);
    doc.text("Confirmacion de Transfer", 58, 18);
    doc.setFontSize(11);
    doc.setTextColor(71, 85, 105);
    doc.text(`Transfer ${this.transferCodigo}`, 58, 25);
    doc.text(`Generado: ${this.formatDate(/* @__PURE__ */ new Date())}`, 58, 31);
    doc.line(10, 37, pageWidth - 10, 37);
    let currentY = 42;
    const infoRows = [
      ["Transfer", this.transferCodigo],
      ["Tour", t.Nombre_Servicio || "\u2014"],
      ["Fecha del servicio", this.formatDate(t.Fecha_Transfer)],
      ["Idioma", t.Idioma || "\u2014"],
      ["Titular", t.Nombre_Titular || "\u2014"],
      ["Tel\xE9fono de contacto", t.Telefono_Titular || "\u2014"]
    ];
    currentY = this.ensurePdfSpace(doc, currentY, 50);
    autoTable2(doc, {
      head: [["Campo", "Detalle"]],
      body: infoRows,
      startY: currentY,
      theme: "grid",
      styles: { fontSize: 9.5, cellPadding: 2 },
      headStyles: { fillColor: [22, 160, 133], textColor: 255, fontStyle: "bold" },
      margin: { left: 10, right: 10 }
    });
    currentY = (doc.lastAutoTable?.finalY ?? currentY) + 8;
    const pagosRows = [
      ["Valor total", this.formatCurrency(t.Valor || 0)],
      ["Pagado", this.formatCurrency(this.totalPagado)],
      ["Pendiente", this.formatCurrency(this.saldoPendiente)],
      ["Tipo de pago", this.pagos.length === 0 ? "Paga en punto" : this.pagos.length === 1 && this.pagos[0].Metodo === "Completo" ? "Ya pag\xF3" : "Abonos"]
    ];
    currentY = this.ensurePdfSpace(doc, currentY, 36);
    autoTable2(doc, {
      head: [["Campo", "Detalle"]],
      body: pagosRows,
      startY: currentY,
      theme: "grid",
      styles: { fontSize: 9.5, cellPadding: 2 },
      headStyles: { fillColor: [155, 89, 182], textColor: 255, fontStyle: "bold" },
      margin: { left: 10, right: 10 }
    });
    currentY = (doc.lastAutoTable?.finalY ?? currentY) + 8;
    if (this.pagos.length > 0) {
      const pagosBody = this.pagos.map((p) => [
        p.Metodo || "\u2014",
        this.formatCurrency(p.Monto),
        this.formatDate(p.Fecha_Pago),
        p.Estado || "\u2014",
        p.Observaciones || "\u2014",
        p.Pago_Comprobante ? "S\xED" : "No"
      ]);
      currentY = this.ensurePdfSpace(doc, currentY, 40);
      autoTable2(doc, {
        head: [["Tipo", "Monto", "Fecha", "Estado", "Observaciones", "Comprobante"]],
        body: pagosBody,
        startY: currentY,
        theme: "striped",
        styles: { fontSize: 8.5, cellPadding: 2, valign: "top" },
        headStyles: { fillColor: [44, 62, 80], textColor: 255, fontStyle: "bold" },
        columnStyles: {
          0: { cellWidth: 30 },
          1: { cellWidth: 26 },
          2: { cellWidth: 30 },
          3: { cellWidth: 22 },
          4: { cellWidth: 50 },
          5: { cellWidth: 18 }
        },
        margin: { left: 10, right: 10 }
      });
      currentY = (doc.lastAutoTable?.finalY ?? currentY) + 8;
    }
    const comprobantes = this.comprobantesDisponibles;
    if (comprobantes.length > 0) {
      currentY = this.ensurePdfSpace(doc, currentY, 32);
      autoTable2(doc, {
        head: [["Comprobante", "Fecha", "Estado"]],
        body: comprobantes.map((c) => [
          c.tipo || "Comprobante",
          this.formatDate(c.fecha),
          "Disponible"
        ]),
        startY: currentY,
        theme: "grid",
        styles: { fontSize: 8.8, cellPadding: 2 },
        headStyles: { fillColor: [59, 130, 246], textColor: 255, fontStyle: "bold" },
        columnStyles: {
          0: { cellWidth: 80 },
          1: { cellWidth: 55 },
          2: { cellWidth: 35 }
        },
        margin: { left: 10, right: 10 }
      });
      currentY = (doc.lastAutoTable?.finalY ?? currentY) + 8;
    }
    if (t.Observaciones) {
      currentY = this.ensurePdfSpace(doc, currentY, 28);
      autoTable2(doc, {
        head: [["Observaciones"]],
        body: [[t.Observaciones]],
        startY: currentY,
        theme: "grid",
        styles: { fontSize: 9, cellPadding: 2, overflow: "linebreak" },
        headStyles: { fillColor: [189, 195, 199], textColor: 15, fontStyle: "bold" },
        margin: { left: 10, right: 10 }
      });
      currentY = (doc.lastAutoTable?.finalY ?? currentY) + 8;
    }
    if (currentY + 12 > pageHeight - 15) {
      doc.addPage();
      currentY = 18;
    }
    const footerText = "Este documento confirma los datos registrados del transfer. Ante cualquier duda, comunicate con Maxitours.";
    doc.setFontSize(8.5);
    doc.setTextColor(107, 114, 128);
    const footerLines = doc.splitTextToSize(footerText, pageWidth - 20);
    doc.text(footerLines, 10, Math.min(pageHeight - 14, currentY + 10));
    doc.text(`SIR - Sistema Integrado de Transfers | ${this.formatDate(/* @__PURE__ */ new Date())}`, 10, pageHeight - 8);
    return doc;
  }
  downloadBlob(blob, filename) {
    const url = URL.createObjectURL(blob);
    const a = document.createElement("a");
    a.href = url;
    a.download = filename;
    a.click();
    setTimeout(() => URL.revokeObjectURL(url), 1e3);
  }
  async descargarTransfer() {
    const t = this.transfer;
    if (!t?.Id_Transfer)
      return;
    try {
      const doc = this.buildTransferPdfDoc();
      const pdfArrayBuffer = doc.output("arraybuffer");
      const pdfBlob = new Blob([pdfArrayBuffer], { type: "application/pdf" });
      this.downloadBlob(pdfBlob, `Transfer_${this.transferCodigo}.pdf`);
      this.navbar.alert.set({
        title: "PDF descargado",
        message: "Transfer descargado correctamente.",
        autoClose: true,
        autoCloseTime: 3e3
      });
    } catch (e) {
      console.error(e);
      this.navbar.errorToast("Error", "No se pudo generar el PDF.");
    }
  }
  close() {
    this.navbar.Id_Transfer.set(null);
    this.onClose.emit();
  }
  async descargarComprobante(rutaComprobante, index = 1) {
    if (!rutaComprobante)
      return;
    const nombreArchivo = this.normalizeComprobanteName(rutaComprobante);
    if (!nombreArchivo)
      return;
    try {
      const blob = await firstValueFrom2(this.api.descargarComprobante(nombreArchivo));
      const ext = this.getExtensionFromUrl(nombreArchivo) || this.getExtensionFromMime(blob.type || "") || ".pdf";
      const safeBase = this.transferCodigo || "Transfer";
      this.downloadBlob(blob, `${safeBase}-comprobante-${index}${ext}`);
    } catch (err) {
      console.error("Error descargando comprobante:", err);
      const fallbackUrl = this.api.getComprobanteUrl(nombreArchivo);
      window.open(fallbackUrl, "_blank", "noopener,noreferrer");
    }
  }
  tieneComprobante(pago) {
    return Boolean(pago.Pago_Comprobante);
  }
  async descargarComprobantesTransfer() {
    const comprobantes = this.comprobantesDisponibles;
    if (!comprobantes.length) {
      this.navbar.alert.set({
        type: "warning",
        title: "Sin comprobantes",
        message: "Este transfer no tiene comprobantes asociados.",
        autoClose: true,
        autoCloseTime: 3e3
      });
      return;
    }
    for (let i = 0; i < comprobantes.length; i += 1) {
      await this.descargarComprobante(comprobantes[i].url || null, i + 1);
    }
    if (comprobantes.length > 1) {
      this.navbar.alert.set({
        type: "success",
        title: "Comprobantes descargados",
        message: `Se descargaron ${comprobantes.length} comprobantes asociados al transfer.`,
        autoClose: true,
        autoCloseTime: 3e3
      });
    }
  }
} @ http://localhost:4200/@fs/C:/Users/USUARIO/OneDrive/Documentos/Sir-Angular/frontend/.angular/cache/21.2.7/frontend/vite/deps/chunk-FSKIE7Z2.js?v=31f8698c:421
[  385346ms] [ERROR] ERROR Error: The component 'TransferDynamicComponent2' needs to be compiled using the JIT compiler, but '@angular/compiler' is not available.

JIT compilation is discouraged for production use-cases! Consider using AOT mode instead.
Alternatively, the JIT compiler should be loaded by bootstrapping using '@angular/platform-browser-dynamic' or '@angular/platform-server',
or manually provide the compiler with 'import "@angular/compiler";' before bootstrapping.
    at getCompilerFacade (http://localhost:4200/@fs/C:/Users/USUARIO/OneDrive/Documentos/Sir-Angular/frontend/.angular/cache/21.2.7/frontend/vite/deps/chunk-FSKIE7Z2.js?v=31f8698c:441:11)
    at TransferDynamicComponent2.get (http://localhost:4200/@fs/C:/Users/USUARIO/OneDrive/Documentos/Sir-Angular/frontend/.angular/cache/21.2.7/frontend/vite/deps/chunk-FSKIE7Z2.js?v=31f8698c:17744:26)
    at getComponentDef (http://localhost:4200/@fs/C:/Users/USUARIO/OneDrive/Documentos/Sir-Angular/frontend/.angular/cache/21.2.7/frontend/vite/deps/chunk-7264GULO.js?v=31f8698c:1096:14)
    at walkProviderTree (http://localhost:4200/@fs/C:/Users/USUARIO/OneDrive/Documentos/Sir-Angular/frontend/.angular/cache/21.2.7/frontend/vite/deps/chunk-7264GULO.js?v=31f8698c:1546:29)
    at walkProviderTree (http://localhost:4200/@fs/C:/Users/USUARIO/OneDrive/Documentos/Sir-Angular/frontend/.angular/cache/21.2.7/frontend/vite/deps/chunk-7264GULO.js?v=31f8698c:1574:9)
    at walkProviderTree (http://localhost:4200/@fs/C:/Users/USUARIO/OneDrive/Documentos/Sir-Angular/frontend/.angular/cache/21.2.7/frontend/vite/deps/chunk-7264GULO.js?v=31f8698c:1574:9)
    at http://localhost:4200/@fs/C:/Users/USUARIO/OneDrive/Documentos/Sir-Angular/frontend/.angular/cache/21.2.7/frontend/vite/deps/chunk-7264GULO.js?v=31f8698c:1519:9
    at http://localhost:4200/@fs/C:/Users/USUARIO/OneDrive/Documentos/Sir-Angular/frontend/.angular/cache/21.2.7/frontend/vite/deps/chunk-7264GULO.js?v=31f8698c:1376:76
    at Array.forEach (<anonymous>)
    at deepForEach (http://localhost:4200/@fs/C:/Users/USUARIO/OneDrive/Documentos/Sir-Angular/frontend/.angular/cache/21.2.7/frontend/vite/deps/chunk-7264GULO.js?v=31f8698c:1376:9) @ http://localhost:4200/@fs/C:/Users/USUARIO/OneDrive/Documentos/Sir-Angular/frontend/.angular/cache/21.2.7/frontend/vite/deps/chunk-7264GULO.js?v=31f8698c:3171
[  385347ms] [ERROR] Error: The component 'TransferDynamicComponent2' needs to be compiled using the JIT compiler, but '@angular/compiler' is not available.

JIT compilation is discouraged for production use-cases! Consider using AOT mode instead.
Alternatively, the JIT compiler should be loaded by bootstrapping using '@angular/platform-browser-dynamic' or '@angular/platform-server',
or manually provide the compiler with 'import "@angular/compiler";' before bootstrapping.
    at getCompilerFacade (http://localhost:4200/@fs/C:/Users/USUARIO/OneDrive/Documentos/Sir-Angular/frontend/.angular/cache/21.2.7/frontend/vite/deps/chunk-FSKIE7Z2.js?v=31f8698c:441:11)
    at TransferDynamicComponent2.get (http://localhost:4200/@fs/C:/Users/USUARIO/OneDrive/Documentos/Sir-Angular/frontend/.angular/cache/21.2.7/frontend/vite/deps/chunk-FSKIE7Z2.js?v=31f8698c:17744:26)
    at getComponentDef (http://localhost:4200/@fs/C:/Users/USUARIO/OneDrive/Documentos/Sir-Angular/frontend/.angular/cache/21.2.7/frontend/vite/deps/chunk-7264GULO.js?v=31f8698c:1096:14)
    at walkProviderTree (http://localhost:4200/@fs/C:/Users/USUARIO/OneDrive/Documentos/Sir-Angular/frontend/.angular/cache/21.2.7/frontend/vite/deps/chunk-7264GULO.js?v=31f8698c:1546:29)
    at walkProviderTree (http://localhost:4200/@fs/C:/Users/USUARIO/OneDrive/Documentos/Sir-Angular/frontend/.angular/cache/21.2.7/frontend/vite/deps/chunk-7264GULO.js?v=31f8698c:1574:9)
    at walkProviderTree (http://localhost:4200/@fs/C:/Users/USUARIO/OneDrive/Documentos/Sir-Angular/frontend/.angular/cache/21.2.7/frontend/vite/deps/chunk-7264GULO.js?v=31f8698c:1574:9)
    at http://localhost:4200/@fs/C:/Users/USUARIO/OneDrive/Documentos/Sir-Angular/frontend/.angular/cache/21.2.7/frontend/vite/deps/chunk-7264GULO.js?v=31f8698c:1519:9
    at http://localhost:4200/@fs/C:/Users/USUARIO/OneDrive/Documentos/Sir-Angular/frontend/.angular/cache/21.2.7/frontend/vite/deps/chunk-7264GULO.js?v=31f8698c:1376:76
    at Array.forEach (<anonymous>)
    at deepForEach (http://localhost:4200/@fs/C:/Users/USUARIO/OneDrive/Documentos/Sir-Angular/frontend/.angular/cache/21.2.7/frontend/vite/deps/chunk-7264GULO.js?v=31f8698c:1376:9) @ http://localhost:4200/main.js:4887
[  454850ms] [LOG] Angular is running in development mode. @ http://localhost:4200/@fs/C:/Users/USUARIO/OneDrive/Documentos/Sir-Angular/frontend/.angular/cache/21.2.7/frontend/vite/deps/chunk-FSKIE7Z2.js?v=31f8698c:11166
[  454857ms] [VERBOSE] [DOM] Input elements should have autocomplete attributes (suggested: "current-password"): (More info: https://goo.gl/9p2vKq) %o @ http://localhost:4200/Reservas/VerReservas:0
[ 1066438ms] [VERBOSE] [DOM] Input elements should have autocomplete attributes (suggested: "current-password"): (More info: https://goo.gl/9p2vKq) %o @ http://localhost:4200/Reservas/VerReservas:0
[ 1105218ms] [VERBOSE] [DOM] Input elements should have autocomplete attributes (suggested: "current-password"): (More info: https://goo.gl/9p2vKq) %o @ http://localhost:4200/Reservas/VerReservas:0
[ 1553003ms] [VERBOSE] [DOM] Input elements should have autocomplete attributes (suggested: "current-password"): (More info: https://goo.gl/9p2vKq) %o @ http://localhost:4200/Reservas/VerReservas:0
[ 2424443ms] [VERBOSE] [DOM] Input elements should have autocomplete attributes (suggested: "current-password"): (More info: https://goo.gl/9p2vKq) %o @ http://localhost:4200/Reservas/VerReservas:0
[ 2503034ms] [VERBOSE] [DOM] Input elements should have autocomplete attributes (suggested: "current-password"): (More info: https://goo.gl/9p2vKq) %o @ http://localhost:4200/Reservas/VerReservas:0
[ 2504586ms] [VERBOSE] [DOM] Input elements should have autocomplete attributes (suggested: "current-password"): (More info: https://goo.gl/9p2vKq) %o @ http://localhost:4200/Reservas/VerReservas:0
[ 2511553ms] [VERBOSE] [DOM] Input elements should have autocomplete attributes (suggested: "current-password"): (More info: https://goo.gl/9p2vKq) %o @ http://localhost:4200/Reservas/VerReservas:0
[ 2517133ms] [VERBOSE] [DOM] Input elements should have autocomplete attributes (suggested: "current-password"): (More info: https://goo.gl/9p2vKq) %o @ http://localhost:4200/Reservas/VerReservas:0
[ 2520037ms] [VERBOSE] [DOM] Input elements should have autocomplete attributes (suggested: "current-password"): (More info: https://goo.gl/9p2vKq) %o @ http://localhost:4200/Reservas/VerReservas:0
[ 2521304ms] [VERBOSE] [DOM] Input elements should have autocomplete attributes (suggested: "current-password"): (More info: https://goo.gl/9p2vKq) %o @ http://localhost:4200/Reservas/VerReservas:0
[ 2523173ms] [VERBOSE] [DOM] Input elements should have autocomplete attributes (suggested: "current-password"): (More info: https://goo.gl/9p2vKq) %o @ http://localhost:4200/Reservas/VerReservas:0
[ 2535018ms] [VERBOSE] [DOM] Input elements should have autocomplete attributes (suggested: "current-password"): (More info: https://goo.gl/9p2vKq) %o @ http://localhost:4200/Reservas/VerReservas:0
[ 2539625ms] [VERBOSE] [DOM] Input elements should have autocomplete attributes (suggested: "current-password"): (More info: https://goo.gl/9p2vKq) %o @ http://localhost:4200/Reservas/VerReservas:0
[ 2542685ms] [VERBOSE] [DOM] Input elements should have autocomplete attributes (suggested: "current-password"): (More info: https://goo.gl/9p2vKq) %o @ http://localhost:4200/Reservas/VerReservas:0
[ 2546671ms] [VERBOSE] [DOM] Input elements should have autocomplete attributes (suggested: "current-password"): (More info: https://goo.gl/9p2vKq) %o @ http://localhost:4200/Reservas/VerReservas:0
[ 3612861ms] [LOG] Angular is running in development mode. @ http://localhost:4200/@fs/C:/Users/USUARIO/OneDrive/Documentos/Sir-Angular/frontend/.angular/cache/21.2.7/frontend/vite/deps/chunk-FSKIE7Z2.js?v=31f8698c:11166
[ 3612870ms] [VERBOSE] [DOM] Input elements should have autocomplete attributes (suggested: "current-password"): (More info: https://goo.gl/9p2vKq) %o @ http://localhost:4200/Reservas/VerReservas:0
[ 3640186ms] [LOG] Angular is running in development mode. @ http://localhost:4200/@fs/C:/Users/USUARIO/OneDrive/Documentos/Sir-Angular/frontend/.angular/cache/21.2.7/frontend/vite/deps/chunk-FSKIE7Z2.js?v=31f8698c:11166
[ 3640191ms] [VERBOSE] [DOM] Input elements should have autocomplete attributes (suggested: "current-password"): (More info: https://goo.gl/9p2vKq) %o @ http://localhost:4200/Reservas/VerReservas:0
[ 3644107ms] [LOG] Angular is running in development mode. @ http://localhost:4200/@fs/C:/Users/USUARIO/OneDrive/Documentos/Sir-Angular/frontend/.angular/cache/21.2.7/frontend/vite/deps/chunk-FSKIE7Z2.js?v=31f8698c:11166
[ 3644115ms] [VERBOSE] [DOM] Input elements should have autocomplete attributes (suggested: "current-password"): (More info: https://goo.gl/9p2vKq) %o @ http://localhost:4200/Reservas/VerReservas:0
[ 3648774ms] [LOG] Angular is running in development mode. @ http://localhost:4200/@fs/C:/Users/USUARIO/OneDrive/Documentos/Sir-Angular/frontend/.angular/cache/21.2.7/frontend/vite/deps/chunk-FSKIE7Z2.js?v=31f8698c:11166
[ 3648778ms] [VERBOSE] [DOM] Input elements should have autocomplete attributes (suggested: "current-password"): (More info: https://goo.gl/9p2vKq) %o @ http://localhost:4200/Reservas/VerReservas:0
[ 3657834ms] [LOG] Angular is running in development mode. @ http://localhost:4200/@fs/C:/Users/USUARIO/OneDrive/Documentos/Sir-Angular/frontend/.angular/cache/21.2.7/frontend/vite/deps/chunk-FSKIE7Z2.js?v=31f8698c:11166
[ 3657843ms] [VERBOSE] [DOM] Input elements should have autocomplete attributes (suggested: "current-password"): (More info: https://goo.gl/9p2vKq) %o @ http://localhost:4200/Reservas/VerReservas:0
[ 3685832ms] [LOG] Angular is running in development mode. @ http://localhost:4200/@fs/C:/Users/USUARIO/OneDrive/Documentos/Sir-Angular/frontend/.angular/cache/21.2.7/frontend/vite/deps/chunk-FSKIE7Z2.js?v=31f8698c:11166
[ 3685841ms] [VERBOSE] [DOM] Input elements should have autocomplete attributes (suggested: "current-password"): (More info: https://goo.gl/9p2vKq) %o @ http://localhost:4200/Reservas/VerReservas:0
[ 3695101ms] [LOG] Angular is running in development mode. @ http://localhost:4200/@fs/C:/Users/USUARIO/OneDrive/Documentos/Sir-Angular/frontend/.angular/cache/21.2.7/frontend/vite/deps/chunk-FSKIE7Z2.js?v=31f8698c:11166
[ 3695106ms] [VERBOSE] [DOM] Input elements should have autocomplete attributes (suggested: "current-password"): (More info: https://goo.gl/9p2vKq) %o @ http://localhost:4200/Reservas/VerReservas:0
[ 3726561ms] [LOG] Angular is running in development mode. @ http://localhost:4200/@fs/C:/Users/USUARIO/OneDrive/Documentos/Sir-Angular/frontend/.angular/cache/21.2.7/frontend/vite/deps/chunk-FSKIE7Z2.js?v=31f8698c:11166
[ 3726566ms] [VERBOSE] [DOM] Input elements should have autocomplete attributes (suggested: "current-password"): (More info: https://goo.gl/9p2vKq) %o @ http://localhost:4200/Reservas/VerReservas:0
[ 3732094ms] [LOG] Angular is running in development mode. @ http://localhost:4200/@fs/C:/Users/USUARIO/OneDrive/Documentos/Sir-Angular/frontend/.angular/cache/21.2.7/frontend/vite/deps/chunk-FSKIE7Z2.js?v=31f8698c:11166
[ 3732102ms] [VERBOSE] [DOM] Input elements should have autocomplete attributes (suggested: "current-password"): (More info: https://goo.gl/9p2vKq) %o @ http://localhost:4200/Reservas/VerReservas:0
[ 3736548ms] [LOG] Angular is running in development mode. @ http://localhost:4200/@fs/C:/Users/USUARIO/OneDrive/Documentos/Sir-Angular/frontend/.angular/cache/21.2.7/frontend/vite/deps/chunk-FSKIE7Z2.js?v=31f8698c:11166
[ 3736554ms] [VERBOSE] [DOM] Input elements should have autocomplete attributes (suggested: "current-password"): (More info: https://goo.gl/9p2vKq) %o @ http://localhost:4200/Reservas/VerReservas:0
[ 3757744ms] [LOG] Angular is running in development mode. @ http://localhost:4200/@fs/C:/Users/USUARIO/OneDrive/Documentos/Sir-Angular/frontend/.angular/cache/21.2.7/frontend/vite/deps/chunk-FSKIE7Z2.js?v=31f8698c:11166
[ 3757748ms] [VERBOSE] [DOM] Input elements should have autocomplete attributes (suggested: "current-password"): (More info: https://goo.gl/9p2vKq) %o @ http://localhost:4200/Reservas/VerReservas:0
[ 3763554ms] [LOG] Angular is running in development mode. @ http://localhost:4200/@fs/C:/Users/USUARIO/OneDrive/Documentos/Sir-Angular/frontend/.angular/cache/21.2.7/frontend/vite/deps/chunk-FSKIE7Z2.js?v=31f8698c:11166
[ 3763558ms] [VERBOSE] [DOM] Input elements should have autocomplete attributes (suggested: "current-password"): (More info: https://goo.gl/9p2vKq) %o @ http://localhost:4200/Reservas/VerReservas:0
[ 4887985ms] [LOG] Angular is running in development mode. @ http://localhost:4200/@fs/C:/Users/USUARIO/OneDrive/Documentos/Sir-Angular/frontend/.angular/cache/21.2.7/frontend/vite/deps/chunk-FSKIE7Z2.js?v=31f8698c:11166
[ 4887990ms] [VERBOSE] [DOM] Input elements should have autocomplete attributes (suggested: "current-password"): (More info: https://goo.gl/9p2vKq) %o @ http://localhost:4200/Reservas/VerReservas:0
[ 4892171ms] [LOG] Angular is running in development mode. @ http://localhost:4200/@fs/C:/Users/USUARIO/OneDrive/Documentos/Sir-Angular/frontend/.angular/cache/21.2.7/frontend/vite/deps/chunk-FSKIE7Z2.js?v=31f8698c:11166
[ 4892178ms] [VERBOSE] [DOM] Input elements should have autocomplete attributes (suggested: "current-password"): (More info: https://goo.gl/9p2vKq) %o @ http://localhost:4200/Reservas/VerReservas:0
[ 4895899ms] [LOG] Angular is running in development mode. @ http://localhost:4200/@fs/C:/Users/USUARIO/OneDrive/Documentos/Sir-Angular/frontend/.angular/cache/21.2.7/frontend/vite/deps/chunk-FSKIE7Z2.js?v=31f8698c:11166
[ 4895904ms] [VERBOSE] [DOM] Input elements should have autocomplete attributes (suggested: "current-password"): (More info: https://goo.gl/9p2vKq) %o @ http://localhost:4200/Reservas/VerReservas:0
[ 4905818ms] [LOG] Angular is running in development mode. @ http://localhost:4200/@fs/C:/Users/USUARIO/OneDrive/Documentos/Sir-Angular/frontend/.angular/cache/21.2.7/frontend/vite/deps/chunk-FSKIE7Z2.js?v=31f8698c:11166
[ 4905822ms] [VERBOSE] [DOM] Input elements should have autocomplete attributes (suggested: "current-password"): (More info: https://goo.gl/9p2vKq) %o @ http://localhost:4200/Reservas/VerReservas:0
[ 4908578ms] [LOG] Angular is running in development mode. @ http://localhost:4200/@fs/C:/Users/USUARIO/OneDrive/Documentos/Sir-Angular/frontend/.angular/cache/21.2.7/frontend/vite/deps/chunk-FSKIE7Z2.js?v=31f8698c:11166
[ 4908583ms] [VERBOSE] [DOM] Input elements should have autocomplete attributes (suggested: "current-password"): (More info: https://goo.gl/9p2vKq) %o @ http://localhost:4200/Reservas/VerReservas:0
[ 4945636ms] [LOG] Angular is running in development mode. @ http://localhost:4200/@fs/C:/Users/USUARIO/OneDrive/Documentos/Sir-Angular/frontend/.angular/cache/21.2.7/frontend/vite/deps/chunk-FSKIE7Z2.js?v=31f8698c:11166
[ 4945640ms] [VERBOSE] [DOM] Input elements should have autocomplete attributes (suggested: "current-password"): (More info: https://goo.gl/9p2vKq) %o @ http://localhost:4200/Reservas/VerReservas:0
[ 4949887ms] [LOG] Angular is running in development mode. @ http://localhost:4200/@fs/C:/Users/USUARIO/OneDrive/Documentos/Sir-Angular/frontend/.angular/cache/21.2.7/frontend/vite/deps/chunk-FSKIE7Z2.js?v=31f8698c:11166
[ 4949893ms] [VERBOSE] [DOM] Input elements should have autocomplete attributes (suggested: "current-password"): (More info: https://goo.gl/9p2vKq) %o @ http://localhost:4200/Reservas/VerReservas:0
[ 4955467ms] [LOG] Angular is running in development mode. @ http://localhost:4200/@fs/C:/Users/USUARIO/OneDrive/Documentos/Sir-Angular/frontend/.angular/cache/21.2.7/frontend/vite/deps/chunk-FSKIE7Z2.js?v=31f8698c:11166
[ 4955472ms] [VERBOSE] [DOM] Input elements should have autocomplete attributes (suggested: "current-password"): (More info: https://goo.gl/9p2vKq) %o @ http://localhost:4200/Reservas/VerReservas:0
[ 4970322ms] [LOG] Angular is running in development mode. @ http://localhost:4200/@fs/C:/Users/USUARIO/OneDrive/Documentos/Sir-Angular/frontend/.angular/cache/21.2.7/frontend/vite/deps/chunk-FSKIE7Z2.js?v=31f8698c:11166
[ 4970327ms] [VERBOSE] [DOM] Input elements should have autocomplete attributes (suggested: "current-password"): (More info: https://goo.gl/9p2vKq) %o @ http://localhost:4200/Reservas/VerReservas:0
[ 4973295ms] [LOG] Angular is running in development mode. @ http://localhost:4200/@fs/C:/Users/USUARIO/OneDrive/Documentos/Sir-Angular/frontend/.angular/cache/21.2.7/frontend/vite/deps/chunk-FSKIE7Z2.js?v=31f8698c:11166
[ 4973300ms] [VERBOSE] [DOM] Input elements should have autocomplete attributes (suggested: "current-password"): (More info: https://goo.gl/9p2vKq) %o @ http://localhost:4200/Reservas/VerReservas:0
[ 5008859ms] [LOG] Angular is running in development mode. @ http://localhost:4200/@fs/C:/Users/USUARIO/OneDrive/Documentos/Sir-Angular/frontend/.angular/cache/21.2.7/frontend/vite/deps/chunk-FSKIE7Z2.js?v=31f8698c:11166
[ 5008863ms] [VERBOSE] [DOM] Input elements should have autocomplete attributes (suggested: "current-password"): (More info: https://goo.gl/9p2vKq) %o @ http://localhost:4200/Reservas/VerReservas:0
[ 5016417ms] [LOG] Angular is running in development mode. @ http://localhost:4200/@fs/C:/Users/USUARIO/OneDrive/Documentos/Sir-Angular/frontend/.angular/cache/21.2.7/frontend/vite/deps/chunk-FSKIE7Z2.js?v=31f8698c:11166
[ 5016422ms] [VERBOSE] [DOM] Input elements should have autocomplete attributes (suggested: "current-password"): (More info: https://goo.gl/9p2vKq) %o @ http://localhost:4200/Reservas/VerReservas:0
[ 5290657ms] [LOG] Angular is running in development mode. @ http://localhost:4200/@fs/C:/Users/USUARIO/OneDrive/Documentos/Sir-Angular/frontend/.angular/cache/21.2.7/frontend/vite/deps/chunk-FSKIE7Z2.js?v=31f8698c:11166
[ 5290662ms] [VERBOSE] [DOM] Input elements should have autocomplete attributes (suggested: "current-password"): (More info: https://goo.gl/9p2vKq) %o @ http://localhost:4200/Reservas/VerReservas:0
[ 5304349ms] [LOG] Angular is running in development mode. @ http://localhost:4200/@fs/C:/Users/USUARIO/OneDrive/Documentos/Sir-Angular/frontend/.angular/cache/21.2.7/frontend/vite/deps/chunk-FSKIE7Z2.js?v=31f8698c:11166
[ 5304357ms] [VERBOSE] [DOM] Input elements should have autocomplete attributes (suggested: "current-password"): (More info: https://goo.gl/9p2vKq) %o @ http://localhost:4200/Reservas/VerReservas:0
[ 5309450ms] [LOG] Angular is running in development mode. @ http://localhost:4200/@fs/C:/Users/USUARIO/OneDrive/Documentos/Sir-Angular/frontend/.angular/cache/21.2.7/frontend/vite/deps/chunk-FSKIE7Z2.js?v=31f8698c:11166
[ 5309456ms] [VERBOSE] [DOM] Input elements should have autocomplete attributes (suggested: "current-password"): (More info: https://goo.gl/9p2vKq) %o @ http://localhost:4200/Reservas/VerReservas:0
[ 5472066ms] [LOG] [vite] server connection lost. Polling for restart... @ http://localhost:4200/@vite/client:864
[ 5487505ms] [LOG] Angular is running in development mode. @ http://localhost:4200/@fs/C:/Users/USUARIO/OneDrive/Documentos/Sir-Angular/frontend/.angular/cache/21.2.7/frontend/vite/deps/chunk-4KW4CEW5.js?v=ba2e37a8:11166
[ 5487516ms] [VERBOSE] [DOM] Input elements should have autocomplete attributes (suggested: "current-password"): (More info: https://goo.gl/9p2vKq) %o @ http://localhost:4200/Reservas/VerReservas:0
[ 6133757ms] [LOG] Angular is running in development mode. @ http://localhost:4200/@fs/C:/Users/USUARIO/OneDrive/Documentos/Sir-Angular/frontend/.angular/cache/21.2.7/frontend/vite/deps/chunk-4KW4CEW5.js?v=ba2e37a8:11166
[ 6133762ms] [VERBOSE] [DOM] Input elements should have autocomplete attributes (suggested: "current-password"): (More info: https://goo.gl/9p2vKq) %o @ http://localhost:4200/Reservas/VerReservas:0
[ 6182902ms] [LOG] Angular is running in development mode. @ http://localhost:4200/@fs/C:/Users/USUARIO/OneDrive/Documentos/Sir-Angular/frontend/.angular/cache/21.2.7/frontend/vite/deps/chunk-4KW4CEW5.js?v=ba2e37a8:11166
[ 6182908ms] [VERBOSE] [DOM] Input elements should have autocomplete attributes (suggested: "current-password"): (More info: https://goo.gl/9p2vKq) %o @ http://localhost:4200/Reservas/VerReservas:0
[ 6237483ms] [LOG] Angular is running in development mode. @ http://localhost:4200/@fs/C:/Users/USUARIO/OneDrive/Documentos/Sir-Angular/frontend/.angular/cache/21.2.7/frontend/vite/deps/chunk-4KW4CEW5.js?v=ba2e37a8:11166
[ 6237487ms] [VERBOSE] [DOM] Input elements should have autocomplete attributes (suggested: "current-password"): (More info: https://goo.gl/9p2vKq) %o @ http://localhost:4200/Reservas/VerReservas:0
[ 6256543ms] [LOG] Angular is running in development mode. @ http://localhost:4200/@fs/C:/Users/USUARIO/OneDrive/Documentos/Sir-Angular/frontend/.angular/cache/21.2.7/frontend/vite/deps/chunk-4KW4CEW5.js?v=ba2e37a8:11166
[ 6256548ms] [VERBOSE] [DOM] Input elements should have autocomplete attributes (suggested: "current-password"): (More info: https://goo.gl/9p2vKq) %o @ http://localhost:4200/Reservas/VerReservas:0
[ 6260530ms] [LOG] Angular is running in development mode. @ http://localhost:4200/@fs/C:/Users/USUARIO/OneDrive/Documentos/Sir-Angular/frontend/.angular/cache/21.2.7/frontend/vite/deps/chunk-4KW4CEW5.js?v=ba2e37a8:11166
[ 6260536ms] [VERBOSE] [DOM] Input elements should have autocomplete attributes (suggested: "current-password"): (More info: https://goo.gl/9p2vKq) %o @ http://localhost:4200/Reservas/VerReservas:0
[ 6464330ms] [LOG] Angular is running in development mode. @ http://localhost:4200/@fs/C:/Users/USUARIO/OneDrive/Documentos/Sir-Angular/frontend/.angular/cache/21.2.7/frontend/vite/deps/chunk-4KW4CEW5.js?v=ba2e37a8:11166
[ 6464334ms] [VERBOSE] [DOM] Input elements should have autocomplete attributes (suggested: "current-password"): (More info: https://goo.gl/9p2vKq) %o @ http://localhost:4200/Reservas/VerReservas:0
[ 6565184ms] [LOG] Angular is running in development mode. @ http://localhost:4200/@fs/C:/Users/USUARIO/OneDrive/Documentos/Sir-Angular/frontend/.angular/cache/21.2.7/frontend/vite/deps/chunk-4KW4CEW5.js?v=ba2e37a8:11166
[ 6565190ms] [VERBOSE] [DOM] Input elements should have autocomplete attributes (suggested: "current-password"): (More info: https://goo.gl/9p2vKq) %o @ http://localhost:4200/Reservas/VerReservas:0
[ 6568778ms] [LOG] Angular is running in development mode. @ http://localhost:4200/@fs/C:/Users/USUARIO/OneDrive/Documentos/Sir-Angular/frontend/.angular/cache/21.2.7/frontend/vite/deps/chunk-4KW4CEW5.js?v=ba2e37a8:11166
[ 6568783ms] [VERBOSE] [DOM] Input elements should have autocomplete attributes (suggested: "current-password"): (More info: https://goo.gl/9p2vKq) %o @ http://localhost:4200/Reservas/VerReservas:0
[ 6581603ms] [LOG] Angular is running in development mode. @ http://localhost:4200/@fs/C:/Users/USUARIO/OneDrive/Documentos/Sir-Angular/frontend/.angular/cache/21.2.7/frontend/vite/deps/chunk-4KW4CEW5.js?v=ba2e37a8:11166
[ 6581607ms] [VERBOSE] [DOM] Input elements should have autocomplete attributes (suggested: "current-password"): (More info: https://goo.gl/9p2vKq) %o @ http://localhost:4200/Reservas/VerReservas:0
[ 6914956ms] [LOG] Angular is running in development mode. @ http://localhost:4200/@fs/C:/Users/USUARIO/OneDrive/Documentos/Sir-Angular/frontend/.angular/cache/21.2.7/frontend/vite/deps/chunk-4KW4CEW5.js?v=ba2e37a8:11166
[ 6914960ms] [VERBOSE] [DOM] Input elements should have autocomplete attributes (suggested: "current-password"): (More info: https://goo.gl/9p2vKq) %o @ http://localhost:4200/Reservas/VerReservas:0
[ 7066392ms] [LOG] Angular is running in development mode. @ http://localhost:4200/@fs/C:/Users/USUARIO/OneDrive/Documentos/Sir-Angular/frontend/.angular/cache/21.2.7/frontend/vite/deps/chunk-4KW4CEW5.js?v=ba2e37a8:11166
[ 7066397ms] [VERBOSE] [DOM] Input elements should have autocomplete attributes (suggested: "current-password"): (More info: https://goo.gl/9p2vKq) %o @ http://localhost:4200/Reservas/VerReservas:0
[ 7231278ms] [LOG] Angular is running in development mode. @ http://localhost:4200/@fs/C:/Users/USUARIO/OneDrive/Documentos/Sir-Angular/frontend/.angular/cache/21.2.7/frontend/vite/deps/chunk-4KW4CEW5.js?v=ba2e37a8:11166
[ 7231282ms] [VERBOSE] [DOM] Input elements should have autocomplete attributes (suggested: "current-password"): (More info: https://goo.gl/9p2vKq) %o @ http://localhost:4200/Reservas/VerReservas:0
[ 7299680ms] [LOG] Angular is running in development mode. @ http://localhost:4200/@fs/C:/Users/USUARIO/OneDrive/Documentos/Sir-Angular/frontend/.angular/cache/21.2.7/frontend/vite/deps/chunk-4KW4CEW5.js?v=ba2e37a8:11166
[ 7299685ms] [VERBOSE] [DOM] Input elements should have autocomplete attributes (suggested: "current-password"): (More info: https://goo.gl/9p2vKq) %o @ http://localhost:4200/Reservas/VerReservas:0
[ 7617783ms] [LOG] Angular is running in development mode. @ http://localhost:4200/@fs/C:/Users/USUARIO/OneDrive/Documentos/Sir-Angular/frontend/.angular/cache/21.2.7/frontend/vite/deps/chunk-4KW4CEW5.js?v=ba2e37a8:11166
[ 7617788ms] [VERBOSE] [DOM] Input elements should have autocomplete attributes (suggested: "current-password"): (More info: https://goo.gl/9p2vKq) %o @ http://localhost:4200/Reservas/VerReservas:0
[ 7874379ms] [LOG] Angular is running in development mode. @ http://localhost:4200/@fs/C:/Users/USUARIO/OneDrive/Documentos/Sir-Angular/frontend/.angular/cache/21.2.7/frontend/vite/deps/chunk-4KW4CEW5.js?v=ba2e37a8:11166
[ 7874384ms] [VERBOSE] [DOM] Input elements should have autocomplete attributes (suggested: "current-password"): (More info: https://goo.gl/9p2vKq) %o @ http://localhost:4200/Reservas/VerReservas:0
[ 7963942ms] [LOG] Angular is running in development mode. @ http://localhost:4200/@fs/C:/Users/USUARIO/OneDrive/Documentos/Sir-Angular/frontend/.angular/cache/21.2.7/frontend/vite/deps/chunk-4KW4CEW5.js?v=ba2e37a8:11166
[ 7963947ms] [VERBOSE] [DOM] Input elements should have autocomplete attributes (suggested: "current-password"): (More info: https://goo.gl/9p2vKq) %o @ http://localhost:4200/Reservas/VerReservas:0
[10527367ms] [LOG] Angular is running in development mode. @ http://localhost:4200/@fs/C:/Users/USUARIO/OneDrive/Documentos/Sir-Angular/frontend/.angular/cache/21.2.7/frontend/vite/deps/chunk-4KW4CEW5.js?v=ba2e37a8:11166
[10527373ms] [VERBOSE] [DOM] Input elements should have autocomplete attributes (suggested: "current-password"): (More info: https://goo.gl/9p2vKq) %o @ http://localhost:4200/Reservas/VerReservas:0
[10601515ms] [LOG] Angular is running in development mode. @ http://localhost:4200/@fs/C:/Users/USUARIO/OneDrive/Documentos/Sir-Angular/frontend/.angular/cache/21.2.7/frontend/vite/deps/chunk-4KW4CEW5.js?v=ba2e37a8:11166
[10601520ms] [VERBOSE] [DOM] Input elements should have autocomplete attributes (suggested: "current-password"): (More info: https://goo.gl/9p2vKq) %o @ http://localhost:4200/Reservas/VerReservas:0
[12118443ms] [LOG] Angular is running in development mode. @ http://localhost:4200/@fs/C:/Users/USUARIO/OneDrive/Documentos/Sir-Angular/frontend/.angular/cache/21.2.7/frontend/vite/deps/chunk-4KW4CEW5.js?v=ba2e37a8:11166
[12118451ms] [VERBOSE] [DOM] Input elements should have autocomplete attributes (suggested: "current-password"): (More info: https://goo.gl/9p2vKq) %o @ http://localhost:4200/Reservas/VerReservas:0
